
> react-example@0.0.0 dev
> tsx server.ts

◇ injected env (0) from .env // tip: ◈ secrets for agents [www.dotenvx.com]
{"timestamp":"2026-08-25T16:41:09.355Z","level":"INFO","message":"Bootstrapping Speak Up Platform Server..."}
Initializing SQLite database at: /app/speakup.db
Database tables and indexes verified successfully.
{"timestamp":"2026-08-25T16:41:09.363Z","level":"INFO","message":"Full-Text Search (FTS5) index populated with 8 civic reports."}
Database already contains seed data. Syncing any missing default users, posts, and official responses...
P³RE Storage Zones initialized successfully.
{"timestamp":"2026-08-25T16:41:09.573Z","level":"INFO","message":"Starting durable background job worker loop..."}
{"timestamp":"2026-08-25T16:41:09.959Z","level":"INFO","message":"Speak Up Production API Server running on port 3000 (development mode)"}
{"timestamp":"2026-08-25T16:41:09.959Z","level":"INFO","message":"Live Web Preview: http://localhost:3000/"}
{"timestamp":"2026-08-25T16:41:09.959Z","level":"INFO","message":"Health Live Endpoint: http://localhost:3000/health/live"}
{"timestamp":"2026-08-25T16:41:09.959Z","level":"INFO","message":"Health Ready Endpoint: http://localhost:3000/health/ready"}
{"timestamp":"2026-08-25T16:41:09.959Z","level":"INFO","message":"Real-Time SSE Stream Endpoint: http://localhost:3000/api/events"}
{"timestamp":"2026-08-25T16:41:10.576Z","level":"INFO","message":"[Worker] Dispatching alert to institution undefined for post undefined"}
{"timestamp":"2026-08-25T16:41:10.577Z","level":"WARN","message":"Job Scheduled for Retry (1/5): DISPATCH_ALERT","jobId":"job-test-1787675952081","nextAvailable":"2026-08-25T16:41:40.577Z"}
{"timestamp":"2026-08-25T16:41:41.390Z","level":"INFO","message":"[Worker] Dispatching alert to institution undefined for post undefined"}
{"timestamp":"2026-08-25T16:41:41.391Z","level":"WARN","message":"Job Scheduled for Retry (2/5): DISPATCH_ALERT","jobId":"job-test-1787675952081","nextAvailable":"2026-08-25T16:42:41.391Z"}
{"timestamp":"2026-08-25T16:42:41.459Z","level":"INFO","message":"[Worker] Dispatching alert to institution undefined for post undefined"}
{"timestamp":"2026-08-25T16:42:41.461Z","level":"WARN","message":"Job Scheduled for Retry (3/5): DISPATCH_ALERT","jobId":"job-test-1787675952081","nextAvailable":"2026-08-25T16:44:41.461Z"}
