
> react-example@0.0.0 dev
> tsx server.ts

◇ injected env (0) from .env // tip: ⌘ multiple files { path: ['.env.local', '.env'] }
{"timestamp":"2026-08-25T17:11:28.713Z","level":"INFO","message":"Bootstrapping Speak Up Platform Server..."}
Initializing SQLite database at: /app/speakup.db
Database tables and indexes verified successfully.
{"timestamp":"2026-08-25T17:11:28.719Z","level":"INFO","message":"Full-Text Search (FTS5) index populated with 14 civic reports."}
Database already contains seed data. Syncing any missing default users, posts, and official responses...
P³RE Storage Zones initialized successfully.
{"timestamp":"2026-08-25T17:11:28.894Z","level":"INFO","message":"Starting durable background job worker loop..."}
{"timestamp":"2026-08-25T17:11:29.273Z","level":"INFO","message":"Speak Up Production API Server running on port 3000 (development mode)"}
{"timestamp":"2026-08-25T17:11:29.273Z","level":"INFO","message":"Live Web Preview: http://localhost:3000/"}
{"timestamp":"2026-08-25T17:11:29.273Z","level":"INFO","message":"Health Live Endpoint: http://localhost:3000/health/live"}
{"timestamp":"2026-08-25T17:11:29.273Z","level":"INFO","message":"Health Ready Endpoint: http://localhost:3000/health/ready"}
{"timestamp":"2026-08-25T17:11:29.273Z","level":"INFO","message":"Real-Time SSE Stream Endpoint: http://localhost:3000/api/events"}
{"timestamp":"2026-08-25T17:11:29.897Z","level":"INFO","message":"[Worker] Dispatching alert to institution undefined for post undefined"}
{"timestamp":"2026-08-25T17:11:29.898Z","level":"WARN","message":"Job Scheduled for Retry (1/5): DISPATCH_ALERT","jobId":"job-test-1787677353953","nextAvailable":"2026-08-25T17:11:59.898Z"}
{"timestamp":"2026-08-25T17:11:30.897Z","level":"INFO","message":"[Worker] Dispatching alert to institution undefined for post undefined"}
{"timestamp":"2026-08-25T17:11:30.898Z","level":"WARN","message":"Job Scheduled for Retry (1/5): DISPATCH_ALERT","jobId":"job-test-1787677597214","nextAvailable":"2026-08-25T17:12:00.898Z"}
{"timestamp":"2026-08-25T17:11:31.898Z","level":"INFO","message":"[Worker] Dispatching alert to institution undefined for post undefined"}
{"timestamp":"2026-08-25T17:11:31.898Z","level":"WARN","message":"Job Scheduled for Retry (1/5): DISPATCH_ALERT","jobId":"job-test-1787677787908","nextAvailable":"2026-08-25T17:12:01.898Z"}
{"timestamp":"2026-08-25T17:11:32.899Z","level":"INFO","message":"[Worker] Dispatching alert to institution undefined for post undefined"}
{"timestamp":"2026-08-25T17:11:32.900Z","level":"WARN","message":"Job Scheduled for Retry (1/5): DISPATCH_ALERT","jobId":"job-test-1787677861434","nextAvailable":"2026-08-25T17:12:02.900Z"}
{"timestamp":"2026-08-25T17:11:59.927Z","level":"INFO","message":"[Worker] Dispatching alert to institution undefined for post undefined"}
{"timestamp":"2026-08-25T17:11:59.928Z","level":"WARN","message":"Job Scheduled for Retry (2/5): DISPATCH_ALERT","jobId":"job-test-1787677353953","nextAvailable":"2026-08-25T17:12:59.928Z"}
{"timestamp":"2026-08-25T17:12:00.928Z","level":"INFO","message":"[Worker] Dispatching alert to institution undefined for post undefined"}
{"timestamp":"2026-08-25T17:12:00.929Z","level":"WARN","message":"Job Scheduled for Retry (2/5): DISPATCH_ALERT","jobId":"job-test-1787677597214","nextAvailable":"2026-08-25T17:13:00.929Z"}
{"timestamp":"2026-08-25T17:12:01.929Z","level":"INFO","message":"[Worker] Dispatching alert to institution undefined for post undefined"}
{"timestamp":"2026-08-25T17:12:01.929Z","level":"WARN","message":"Job Scheduled for Retry (2/5): DISPATCH_ALERT","jobId":"job-test-1787677787908","nextAvailable":"2026-08-25T17:13:01.929Z"}
{"timestamp":"2026-08-25T17:12:02.930Z","level":"INFO","message":"[Worker] Dispatching alert to institution undefined for post undefined"}
{"timestamp":"2026-08-25T17:12:02.930Z","level":"WARN","message":"Job Scheduled for Retry (2/5): DISPATCH_ALERT","jobId":"job-test-1787677861434","nextAvailable":"2026-08-25T17:13:02.930Z"}
{"timestamp":"2026-08-25T17:13:00.307Z","level":"INFO","message":"[Worker] Dispatching alert to institution undefined for post undefined"}
{"timestamp":"2026-08-25T17:13:00.308Z","level":"WARN","message":"Job Scheduled for Retry (3/5): DISPATCH_ALERT","jobId":"job-test-1787677353953","nextAvailable":"2026-08-25T17:15:00.308Z"}
{"timestamp":"2026-08-25T17:13:01.308Z","level":"INFO","message":"[Worker] Dispatching alert to institution undefined for post undefined"}
{"timestamp":"2026-08-25T17:13:01.309Z","level":"WARN","message":"Job Scheduled for Retry (3/5): DISPATCH_ALERT","jobId":"job-test-1787677597214","nextAvailable":"2026-08-25T17:15:01.309Z"}
{"timestamp":"2026-08-25T17:13:02.309Z","level":"INFO","message":"[Worker] Dispatching alert to institution undefined for post undefined"}
{"timestamp":"2026-08-25T17:13:02.309Z","level":"WARN","message":"Job Scheduled for Retry (3/5): DISPATCH_ALERT","jobId":"job-test-1787677787908","nextAvailable":"2026-08-25T17:15:02.309Z"}
{"timestamp":"2026-08-25T17:13:03.310Z","level":"INFO","message":"[Worker] Dispatching alert to institution undefined for post undefined"}
{"timestamp":"2026-08-25T17:13:03.311Z","level":"WARN","message":"Job Scheduled for Retry (3/5): DISPATCH_ALERT","jobId":"job-test-1787677861434","nextAvailable":"2026-08-25T17:15:03.311Z"}
{"timestamp":"2026-08-25T17:44:54.288Z","level":"INFO","message":"[Worker] Dispatching alert to institution undefined for post undefined"}
{"timestamp":"2026-08-25T17:44:54.331Z","level":"WARN","message":"Job Scheduled for Retry (4/5): DISPATCH_ALERT","jobId":"job-test-1787677353953","nextAvailable":"2026-08-25T17:48:54.329Z"}
{"timestamp":"2026-08-25T17:44:55.529Z","level":"INFO","message":"[Worker] Dispatching alert to institution undefined for post undefined"}
{"timestamp":"2026-08-25T17:44:55.536Z","level":"WARN","message":"Job Scheduled for Retry (4/5): DISPATCH_ALERT","jobId":"job-test-1787677597214","nextAvailable":"2026-08-25T17:48:55.535Z"}
{"timestamp":"2026-08-25T17:44:56.505Z","level":"INFO","message":"[Worker] Dispatching alert to institution undefined for post undefined"}
{"timestamp":"2026-08-25T17:44:56.507Z","level":"WARN","message":"Job Scheduled for Retry (4/5): DISPATCH_ALERT","jobId":"job-test-1787677787908","nextAvailable":"2026-08-25T17:48:56.507Z"}
{"timestamp":"2026-08-25T17:44:57.506Z","level":"INFO","message":"[Worker] Dispatching alert to institution undefined for post undefined"}
{"timestamp":"2026-08-25T17:44:57.508Z","level":"WARN","message":"Job Scheduled for Retry (4/5): DISPATCH_ALERT","jobId":"job-test-1787677861434","nextAvailable":"2026-08-25T17:48:57.507Z"}
5:46:50 PM [vite] (client) hmr update /src/components/CivicPostCard.tsx, /src/index.css
{"timestamp":"2026-08-25T17:46:58.940Z","level":"INFO","message":"[Worker] Dispatching alert to institution undefined for post undefined"}
{"timestamp":"2026-08-25T17:46:58.942Z","level":"WARN","message":"Job Scheduled for Retry (1/5): DISPATCH_ALERT","jobId":"job-test-1787680018040","nextAvailable":"2026-08-25T17:47:28.942Z"}
{"timestamp":"2026-08-25T17:47:28.969Z","level":"INFO","message":"[Worker] Dispatching alert to institution undefined for post undefined"}
{"timestamp":"2026-08-25T17:47:28.971Z","level":"WARN","message":"Job Scheduled for Retry (2/5): DISPATCH_ALERT","jobId":"job-test-1787680018040","nextAvailable":"2026-08-25T17:48:28.971Z"}
{"timestamp":"2026-08-25T17:48:29.089Z","level":"INFO","message":"[Worker] Dispatching alert to institution undefined for post undefined"}
{"timestamp":"2026-08-25T17:48:29.091Z","level":"WARN","message":"Job Scheduled for Retry (3/5): DISPATCH_ALERT","jobId":"job-test-1787680018040","nextAvailable":"2026-08-25T17:50:29.090Z"}
{"timestamp":"2026-08-25T17:48:55.116Z","level":"INFO","message":"[Worker] Dispatching alert to institution undefined for post undefined"}
{"timestamp":"2026-08-25T17:48:55.117Z","level":"ERROR","message":"Job Moved to DEAD_LETTER: DISPATCH_ALERT","jobId":"job-test-1787677353953","error":"Report undefined not found"}
{"timestamp":"2026-08-25T17:48:56.117Z","level":"INFO","message":"[Worker] Dispatching alert to institution undefined for post undefined"}
{"timestamp":"2026-08-25T17:48:56.117Z","level":"ERROR","message":"Job Moved to DEAD_LETTER: DISPATCH_ALERT","jobId":"job-test-1787677597214","error":"Report undefined not found"}
{"timestamp":"2026-08-25T17:48:57.118Z","level":"INFO","message":"[Worker] Dispatching alert to institution undefined for post undefined"}
{"timestamp":"2026-08-25T17:48:57.119Z","level":"ERROR","message":"Job Moved to DEAD_LETTER: DISPATCH_ALERT","jobId":"job-test-1787677787908","error":"Report undefined not found"}
{"timestamp":"2026-08-25T17:48:58.119Z","level":"INFO","message":"[Worker] Dispatching alert to institution undefined for post undefined"}
{"timestamp":"2026-08-25T17:48:58.119Z","level":"ERROR","message":"Job Moved to DEAD_LETTER: DISPATCH_ALERT","jobId":"job-test-1787677861434","error":"Report undefined not found"}
